// Jest Snapshot v1, https://goo.gl/fbAQLP

exports[`TwitteCard renders correctly 1`] = `
<View
  style={
    Object {
      "backgroundColor": "#e5ded8",
      "width": 750,
    }
  }
>
  <View
    style={
      Object {
        "alignItems": "center",
        "flex": 1,
        "justifyContent": "center",
        "marginBottom": 16,
        "paddingTop": 20,
      }
    }
  >
    <View
      overlayStyle={
        Object {
          "opacity": 0,
        }
      }
      style={
        Array [
          Object {
            "backgroundColor": "white",
            "borderColor": "#e1e8ee",
            "borderWidth": 1,
            "margin": 15,
            "marginBottom": 0,
            "padding": 15,
            "shadowColor": "rgba(0,0,0, .2)",
            "shadowOffset": Object {
              "height": 0,
              "width": 0,
            },
            "shadowOpacity": 1,
            "shadowRadius": 1,
          },
          undefined,
          Object {
            "width": 750,
          },
        ]
      }
    >
      <View
        style={
          Array [
            Object {
              "backgroundColor": "transparent",
            },
            undefined,
            undefined,
          ]
        }
      >
        <Text
          accessible={true}
          allowFontScaling={true}
          ellipsizeMode="tail"
          style={
            Object {
              "color": "#9197A3",
              "fontSize": 11,
              "fontWeight": "bold",
            }
          }
        >
          15. 02. 2018
        </Text>
        <Text
          accessible={true}
          allowFontScaling={true}
          ellipsizeMode="tail"
        />
        <Text
          accessible={true}
          allowFontScaling={true}
          ellipsizeMode="tail"
          style={
            Object {
              "color": "#000",
              "fontSize": 18,
            }
          }
        >
          Advanced Blockchain AG
        </Text>
        <Text
          accessible={true}
          allowFontScaling={true}
          ellipsizeMode="tail"
          style={
            Object {
              "color": "#9197A3",
              "fontSize": 14,
            }
          }
        >
          Who invented #Bitcoin ? There's a lot more to the question than you might think.
        </Text>
        <Text
          accessible={true}
          allowFontScaling={true}
          ellipsizeMode="tail"
          onPress={[Function]}
          style={
            Object {
              "alignSelf": "flex-start",
              "borderBottomColor": "#54acef",
              "borderBottomWidth": 1,
              "color": "#54acef",
              "fontSize": 12,
              "marginBottom": 16,
              "marginTop": 8,
            }
          }
        >
          http://bit.ly/2GxAUSV
        </Text>
        <View
          accessible={true}
          isTVSelectable={true}
          onResponderGrant={[Function]}
          onResponderMove={[Function]}
          onResponderRelease={[Function]}
          onResponderTerminate={[Function]}
          onResponderTerminationRequest={[Function]}
          onStartShouldSetResponder={[Function]}
          style={
            Array [
              Object {
                "shadowColor": "rgba(0,0,0, .4)",
                "shadowOffset": Object {
                  "height": 1,
                  "width": 1,
                },
                "shadowOpacity": 1,
                "shadowRadius": 1,
              },
              Object {
                "alignItems": "center",
                "borderRadius": 30,
                "flexDirection": "row",
                "justifyContent": "center",
                "margin": 7,
              },
              Object {
                "paddingBottom": 14,
                "paddingTop": 14,
              },
              false,
              false,
              Object {
                "backgroundColor": "#00aced",
              },
              undefined,
              undefined,
            ]
          }
        >
          <View
            style={
              Object {
                "alignItems": "center",
                "flexDirection": "row",
                "justifyContent": "center",
              }
            }
          >
            <Text
              accessible={true}
              allowFontScaling={false}
              ellipsizeMode="tail"
              style={
                Array [
                  Object {
                    "color": "white",
                    "fontSize": 24,
                  },
                  Array [
                    undefined,
                  ],
                  Object {
                    "fontFamily": "FontAwesome",
                    "fontStyle": "normal",
                    "fontWeight": "normal",
                  },
                ]
              }
            >
              ï‚™
            </Text>
            <Text
              accessible={true}
              allowFontScaling={true}
              ellipsizeMode="tail"
              style={
                Array [
                  Object {},
                  undefined,
                  undefined,
                  undefined,
                  undefined,
                  undefined,
                  undefined,
                  undefined,
                  undefined,
                  undefined,
                  Array [
                    Object {
                      "color": "white",
                      "fontWeight": "bold",
                      "marginLeft": 15,
                    },
                    undefined,
                    undefined,
                    undefined,
                    undefined,
                  ],
                ]
              }
            >
              Follow @BlockchainAG
            </Text>
          </View>
        </View>
      </View>
    </View>
  </View>
</View>
`;
